Archive member included to satisfy reference by file (symbol)

c:/program files (x86)/atmel/studio/7.0/toolchain/arm/arm-gnu-toolchain/bin/../lib/gcc/arm-none-eabi/6.2.1/../../../../arm-none-eabi/lib/thumb/v6-m\libc_nano.a(lib_a-exit.o)
                              c:/program files (x86)/atmel/studio/7.0/toolchain/arm/arm-gnu-toolchain/bin/../lib/gcc/arm-none-eabi/6.2.1/../../../../arm-none-eabi/lib/thumb/v6-m/crt0.o (exit)
c:/program files (x86)/atmel/studio/7.0/toolchain/arm/arm-gnu-toolchain/bin/../lib/gcc/arm-none-eabi/6.2.1/../../../../arm-none-eabi/lib/thumb/v6-m\libc_nano.a(lib_a-impure.o)
                              c:/program files (x86)/atmel/studio/7.0/toolchain/arm/arm-gnu-toolchain/bin/../lib/gcc/arm-none-eabi/6.2.1/../../../../arm-none-eabi/lib/thumb/v6-m\libc_nano.a(lib_a-exit.o) (_global_impure_ptr)
c:/program files (x86)/atmel/studio/7.0/toolchain/arm/arm-gnu-toolchain/bin/../lib/gcc/arm-none-eabi/6.2.1/../../../../arm-none-eabi/lib/thumb/v6-m\libc_nano.a(lib_a-init.o)
                              c:/program files (x86)/atmel/studio/7.0/toolchain/arm/arm-gnu-toolchain/bin/../lib/gcc/arm-none-eabi/6.2.1/../../../../arm-none-eabi/lib/thumb/v6-m/crt0.o (__libc_init_array)
c:/program files (x86)/atmel/studio/7.0/toolchain/arm/arm-gnu-toolchain/bin/../lib/gcc/arm-none-eabi/6.2.1/../../../../arm-none-eabi/lib/thumb/v6-m\libc_nano.a(lib_a-memset.o)
                              c:/program files (x86)/atmel/studio/7.0/toolchain/arm/arm-gnu-toolchain/bin/../lib/gcc/arm-none-eabi/6.2.1/../../../../arm-none-eabi/lib/thumb/v6-m/crt0.o (memset)

Allocating common symbols
Common symbol       size              file

udd_ep_out_cache_buffer
                    0x80              drivers/cdc_enumerate.o
udd_ep_in_cache_buffer
                    0x80              drivers/cdc_enumerate.o
size_of_data        0x2               sam_ba/usart_sam_ba.o
usb_endpoint_table  0x80              drivers/cdc_enumerate.o
pCdc                0x14              drivers/cdc_enumerate.o
mode_of_transfer    0x1               sam_ba/usart_sam_ba.o
ptr_monitor_if      0x4               sam_ba/sam_ba_monitor.o
sp                  0x4               sam_ba/sam_ba_monitor.o

Discarded input sections

 .text          0x00000000        0x0 c:/program files (x86)/atmel/studio/7.0/toolchain/arm/arm-gnu-toolchain/bin/../lib/gcc/arm-none-eabi/6.2.1/thumb/v6-m/crti.o
 .data          0x00000000        0x0 c:/program files (x86)/atmel/studio/7.0/toolchain/arm/arm-gnu-toolchain/bin/../lib/gcc/arm-none-eabi/6.2.1/thumb/v6-m/crti.o
 .bss           0x00000000        0x0 c:/program files (x86)/atmel/studio/7.0/toolchain/arm/arm-gnu-toolchain/bin/../lib/gcc/arm-none-eabi/6.2.1/thumb/v6-m/crti.o
 .data          0x00000000        0x4 c:/program files (x86)/atmel/studio/7.0/toolchain/arm/arm-gnu-toolchain/bin/../lib/gcc/arm-none-eabi/6.2.1/thumb/v6-m/crtbegin.o
 .text          0x00000000       0x78 c:/program files (x86)/atmel/studio/7.0/toolchain/arm/arm-gnu-toolchain/bin/../lib/gcc/arm-none-eabi/6.2.1/../../../../arm-none-eabi/lib/thumb/v6-m/crt0.o
 .data          0x00000000        0x0 c:/program files (x86)/atmel/studio/7.0/toolchain/arm/arm-gnu-toolchain/bin/../lib/gcc/arm-none-eabi/6.2.1/../../../../arm-none-eabi/lib/thumb/v6-m/crt0.o
 .bss           0x00000000        0x0 c:/program files (x86)/atmel/studio/7.0/toolchain/arm/arm-gnu-toolchain/bin/../lib/gcc/arm-none-eabi/6.2.1/../../../../arm-none-eabi/lib/thumb/v6-m/crt0.o
 .ARM.extab     0x00000000        0x0 c:/program files (x86)/atmel/studio/7.0/toolchain/arm/arm-gnu-toolchain/bin/../lib/gcc/arm-none-eabi/6.2.1/../../../../arm-none-eabi/lib/thumb/v6-m/crt0.o
 .ARM.exidx     0x00000000        0x8 c:/program files (x86)/atmel/studio/7.0/toolchain/arm/arm-gnu-toolchain/bin/../lib/gcc/arm-none-eabi/6.2.1/../../../../arm-none-eabi/lib/thumb/v6-m/crt0.o
 .ARM.attributes
                0x00000000       0x1b c:/program files (x86)/atmel/studio/7.0/toolchain/arm/arm-gnu-toolchain/bin/../lib/gcc/arm-none-eabi/6.2.1/../../../../arm-none-eabi/lib/thumb/v6-m/crt0.o
 .group         0x00000000        0x8 Device_Startup/startup_saml22.o
 .group         0x00000000        0x8 Device_Startup/startup_saml22.o
 .group         0x00000000        0x8 Device_Startup/startup_saml22.o
 .group         0x00000000        0x8 Device_Startup/startup_saml22.o
 .group         0x00000000        0x8 Device_Startup/startup_saml22.o
 .group         0x00000000        0x8 Device_Startup/startup_saml22.o
 .group         0x00000000        0x8 Device_Startup/startup_saml22.o
 .group         0x00000000        0x8 Device_Startup/startup_saml22.o
 .group         0x00000000        0x8 Device_Startup/startup_saml22.o
 .group         0x00000000        0x8 Device_Startup/startup_saml22.o
 .group         0x00000000        0x8 Device_Startup/startup_saml22.o
 .group         0x00000000        0x8 Device_Startup/startup_saml22.o
 .group         0x00000000        0x8 Device_Startup/startup_saml22.o
[...]
Memory Configuration

Name             Origin             Length             Attributes
rom              0x00000000         0x00040000         xr
ram              0x20000000         0x00008000         xrw
*default*        0x00000000         0xffffffff

Linker script and memory map

LOAD c:/program files (x86)/atmel/studio/7.0/toolchain/arm/arm-gnu-toolchain/bin/../lib/gcc/arm-none-eabi/6.2.1/thumb/v6-m/crti.o
LOAD c:/program files (x86)/atmel/studio/7.0/toolchain/arm/arm-gnu-toolchain/bin/../lib/gcc/arm-none-eabi/6.2.1/thumb/v6-m/crtbegin.o
LOAD c:/program files (x86)/atmel/studio/7.0/toolchain/arm/arm-gnu-toolchain/bin/../lib/gcc/arm-none-eabi/6.2.1/../../../../arm-none-eabi/lib/thumb/v6-m/crt0.o
LOAD Device_Startup/startup_saml22.o
LOAD Device_Startup/system_saml22.o
LOAD drivers/cdc_enumerate.o
LOAD drivers/uart_driver.o
LOAD main.o
LOAD sam_ba/sam_ba_monitor.o
LOAD sam_ba/usart_sam_ba.o
LOAD sam_ba/usb_sam_ba.o
START GROUP
LOAD c:/program files (x86)/atmel/studio/7.0/toolchain/arm/arm-gnu-toolchain/bin/../lib/gcc/arm-none-eabi/6.2.1/../../../../arm-none-eabi/lib/thumb/v6-m\libm.a
END GROUP
                0x00000280                STACK_SIZE = 0x280
START GROUP
LOAD c:/program files (x86)/atmel/studio/7.0/toolchain/arm/arm-gnu-toolchain/bin/../lib/gcc/arm-none-eabi/6.2.1/thumb/v6-m\libgcc.a
LOAD c:/program files (x86)/atmel/studio/7.0/toolchain/arm/arm-gnu-toolchain/bin/../lib/gcc/arm-none-eabi/6.2.1/../../../../arm-none-eabi/lib/thumb/v6-m\libc_nano.a
END GROUP
START GROUP
LOAD c:/program files (x86)/atmel/studio/7.0/toolchain/arm/arm-gnu-toolchain/bin/../lib/gcc/arm-none-eabi/6.2.1/thumb/v6-m\libgcc.a
LOAD c:/program files (x86)/atmel/studio/7.0/toolchain/arm/arm-gnu-toolchain/bin/../lib/gcc/arm-none-eabi/6.2.1/../../../../arm-none-eabi/lib/thumb/v6-m\libc_nano.a
END GROUP
LOAD c:/program files (x86)/atmel/studio/7.0/toolchain/arm/arm-gnu-toolchain/bin/../lib/gcc/arm-none-eabi/6.2.1/thumb/v6-m/crtend.o
LOAD c:/program files (x86)/atmel/studio/7.0/toolchain/arm/arm-gnu-toolchain/bin/../lib/gcc/arm-none-eabi/6.2.1/thumb/v6-m/crtn.o
                0x00002000                STACK_SIZE = DEFINED (STACK_SIZE)?STACK_SIZE:DEFINED (__stack_size__)?__stack_size__:0x2000

.text           0x00000000     0x1370
                0x00000000                . = ALIGN (0x4)
                0x00000000                _sfixed = .
 *(.vectors .vectors.*)
 .vectors       0x00000000       0xa8 Device_Startup/startup_saml22.o
                0x00000000                exception_table
 *(.text .text.* .gnu.linkonce.t.*)
 .text          0x000000a8       0x60 c:/program files (x86)/atmel/studio/7.0/toolchain/arm/arm-gnu-toolchain/bin/../lib/gcc/arm-none-eabi/6.2.1/thumb/v6-m/crtbegin.o
 .text.Dummy_Handler
                0x00000108        0x2 Device_Startup/startup_saml22.o
                0x00000108                DMAC_Handler
                0x00000108                TRNG_Handler
                0x00000108                HardFault_Handler
                0x00000108                TC2_Handler
                0x00000108                AC_Handler
                0x00000108                SysTick_Handler
                0x00000108                PendSV_Handler
                0x00000108                NMI_Handler
                0x00000108                SERCOM1_Handler
                0x00000108                ADC_Handler
                0x00000108                SERCOM2_Handler
                0x00000108                TCC0_Handler
                0x00000108                RTC_Handler
                0x00000108                EIC_Handler
                0x00000108                WDT_Handler
                0x00000108                TC1_Handler
                0x00000108                USB_Handler
                0x00000108                TC3_Handler
                0x00000108                Dummy_Handler
                0x00000108                SERCOM5_Handler
                0x00000108                SVC_Handler
                0x00000108                EVSYS_Handler
                0x00000108                SERCOM3_Handler
                0x00000108                SERCOM4_Handler
                0x00000108                NVMCTRL_Handler
                0x00000108                SYSTEM_Handler
                0x00000108                SERCOM0_Handler
                0x00000108                PTC_Handler
                0x00000108                FREQM_Handler
                0x00000108                TC0_Handler
                0x00000108                SLCD_Handler
                0x00000108                AES_Handler
 *fill*         0x0000010a        0x2 
 .text.Reset_Handler
                0x0000010c       0x68 Device_Startup/startup_saml22.o
                0x0000010c                Reset_Handler
 .text.USB_Read
                0x00000174       0x90 drivers/cdc_enumerate.o
                0x00000174                USB_Read
 .text.USB_Write
                0x00000204       0xa8 drivers/cdc_enumerate.o
                0x00000204                USB_Write
 .text.AT91F_USB_SendData
                0x000002ac       0x10 drivers/cdc_enumerate.o
 .text.AT91F_InitUSB
                0x000002bc       0xf0 drivers/cdc_enumerate.o
                0x000002bc                AT91F_InitUSB
 .text.AT91F_CDC_Open
                0x000003ac       0x2c drivers/cdc_enumerate.o
                0x000003ac                AT91F_CDC_Open
 .text.USB_Read_blocking
                0x000003d8       0x6c drivers/cdc_enumerate.o
                0x000003d8                USB_Read_blocking
 .text.AT91F_USB_SendZlp
                0x00000444       0x38 drivers/cdc_enumerate.o
                0x00000444                AT91F_USB_SendZlp
 .text.AT91F_USB_SendStall
                0x0000047c       0x18 drivers/cdc_enumerate.o
                0x0000047c                AT91F_USB_SendStall
 .text.AT91F_CDC_Enumerate
                0x00000494      0x374 drivers/cdc_enumerate.o
 .text.USB_IsConfigured
                0x00000808       0xa0 drivers/cdc_enumerate.o
                0x00000808                USB_IsConfigured
 .text.uart_basic_init
                0x000008a8       0x58 drivers/uart_driver.o
                0x000008a8                uart_basic_init
 .text.usart_open
                0x00000900       0xac drivers/uart_driver.o
                0x00000900                usart_open
 .text.uart_write_byte
                0x000009ac       0x12 drivers/uart_driver.o
                0x000009ac                uart_write_byte
 .text.uart_read_byte
                0x000009be       0x1c drivers/uart_driver.o
                0x000009be                uart_read_byte
 *fill*         0x000009da        0x2 
 .text.usart_is_rx_ready
                0x000009dc       0x10 drivers/uart_driver.o
                0x000009dc                usart_is_rx_ready
 .text.check_start_application
                0x000009ec       0x4c main.o
 .text.main     0x00000a38       0x5c main.o
                0x00000a38                main
 .text.print_new_line
                0x00000a94       0x18 sam_ba/sam_ba_monitor.o
 .text.init_sam_ba_monitor_interface
                0x00000aac       0xc4 sam_ba/sam_ba_monitor.o
                0x00000aac                init_sam_ba_monitor_interface
 .text.sam_ba_putdata_term
                0x00000b70       0x88 sam_ba/sam_ba_monitor.o
                0x00000b70                sam_ba_putdata_term
 .text.call_applet
                0x00000bf8       0x2c sam_ba/sam_ba_monitor.o
                0x00000bf8                call_applet
 .text.sam_ba_monitor_run
                0x00000c24      0x1fc sam_ba/sam_ba_monitor.o
                0x00000c24                sam_ba_monitor_run
 .text.process_sam_ba_monitor
                0x00000e20       0x50 sam_ba/sam_ba_monitor.o
                0x00000e20                process_sam_ba_monitor
 .text.usart_putc
                0x00000e70       0x18 sam_ba/usart_sam_ba.o
                0x00000e70                usart_putc
 .text.usart_getc
                0x00000e88       0x20 sam_ba/usart_sam_ba.o
                0x00000e88                usart_getc
 .text.usart_putdata
                0x00000ea8       0x20 sam_ba/usart_sam_ba.o
                0x00000ea8                usart_putdata
 .text.usart_getdata
                0x00000ec8       0x14 sam_ba/usart_sam_ba.o
                0x00000ec8                usart_getdata
 .text.add_crc  0x00000edc       0x2c sam_ba/usart_sam_ba.o
                0x00000edc                add_crc
 .text.getbytes
                0x00000f08       0x68 sam_ba/usart_sam_ba.o
 .text.putPacket
                0x00000f70       0x74 sam_ba/usart_sam_ba.o
 .text.getPacket
                0x00000fe4       0x64 sam_ba/usart_sam_ba.o
                0x00000fe4                getPacket
 .text.usart_putdata_xmd
                0x00001048       0x90 sam_ba/usart_sam_ba.o
                0x00001048                usart_putdata_xmd
 .text.usart_getdata_xmd
                0x000010d8       0xa4 sam_ba/usart_sam_ba.o
                0x000010d8                usart_getdata_xmd
 .text.usb_init
                0x0000117c       0x24 sam_ba/usb_sam_ba.o
                0x0000117c                usb_init
 .text.cdc_putc
                0x000011a0       0x20 sam_ba/usb_sam_ba.o
                0x000011a0                cdc_putc
 .text.cdc_getc
                0x000011c0       0x20 sam_ba/usb_sam_ba.o
                0x000011c0                cdc_getc
 .text.cdc_is_rx_ready
                0x000011e0       0x2c sam_ba/usb_sam_ba.o
                0x000011e0                cdc_is_rx_ready
 .text.cdc_write_buf
                0x0000120c       0x1c sam_ba/usb_sam_ba.o
                0x0000120c                cdc_write_buf
 .text.cdc_read_buf
                0x00001228       0x2c sam_ba/usb_sam_ba.o
                0x00001228                cdc_read_buf
 .text.cdc_read_buf_xmd
                0x00001254       0x2c sam_ba/usb_sam_ba.o
                0x00001254                cdc_read_buf_xmd
 .text.__libc_init_array
                0x00001280       0x48 c:/program files (x86)/atmel/studio/7.0/toolchain/arm/arm-gnu-toolchain/bin/../lib/gcc/arm-none-eabi/6.2.1/../../../../arm-none-eabi/lib/thumb/v6-m\libc_nano.a(lib_a-init.o)
                0x00001280                __libc_init_array
 *(.glue_7t)
 .glue_7t       0x000012c8        0x0 linker stubs
 *(.glue_7)
 .glue_7        0x000012c8        0x0 linker stubs
 *(.rodata .rodata* .gnu.linkonce.r.*)
 .rodata        0x000012c8       0x12 drivers/cdc_enumerate.o
                0x000012c8                devDescriptor
 *fill*         0x000012da        0x2 
 .rodata        0x000012dc       0x18 drivers/uart_driver.o
 .rodata        0x000012f4       0x54 sam_ba/sam_ba_monitor.o
                0x000012f4                RomBOOT_Version
                0x00001310                usbcdc_if
                0x0000132c                uart_if
 .rodata.str1.4
                0x00001348        0x8 sam_ba/sam_ba_monitor.o
                                  0x6 (size before relaxing)
 *(.ARM.extab* .gnu.linkonce.armextab.*)
                0x00001350                . = ALIGN (0x4)
 *(.init)
 .init          0x00001350        0x4 c:/program files (x86)/atmel/studio/7.0/toolchain/arm/arm-gnu-toolchain/bin/../lib/gcc/arm-none-eabi/6.2.1/thumb/v6-m/crti.o
                0x00001350                _init
 .init          0x00001354        0x8 c:/program files (x86)/atmel/studio/7.0/toolchain/arm/arm-gnu-toolchain/bin/../lib/gcc/arm-none-eabi/6.2.1/thumb/v6-m/crtn.o
                0x0000135c                . = ALIGN (0x4)
                0x0000135c                __preinit_array_start = .
 *(.preinit_array)
                0x0000135c                __preinit_array_end = .
                0x0000135c                . = ALIGN (0x4)
                0x0000135c                __init_array_start = .
 *(SORT(.init_array.*))
 *(.init_array)
 .init_array    0x0000135c        0x4 c:/program files (x86)/atmel/studio/7.0/toolchain/arm/arm-gnu-toolchain/bin/../lib/gcc/arm-none-eabi/6.2.1/thumb/v6-m/crtbegin.o
                0x00001360                __init_array_end = .
                0x00001360                . = ALIGN (0x4)
 *crtbegin.o(.ctors)
 *(EXCLUDE_FILE(*crtend.o) .ctors)
 *(SORT(.ctors.*))
 *crtend.o(.ctors)
                0x00001360                . = ALIGN (0x4)
 *(.fini)
 .fini          0x00001360        0x4 c:/program files (x86)/atmel/studio/7.0/toolchain/arm/arm-gnu-toolchain/bin/../lib/gcc/arm-none-eabi/6.2.1/thumb/v6-m/crti.o
                0x00001360                _fini
 .fini          0x00001364        0x8 c:/program files (x86)/atmel/studio/7.0/toolchain/arm/arm-gnu-toolchain/bin/../lib/gcc/arm-none-eabi/6.2.1/thumb/v6-m/crtn.o
                0x0000136c                . = ALIGN (0x4)
                0x0000136c                __fini_array_start = .
 *(.fini_array)
 .fini_array    0x0000136c        0x4 c:/program files (x86)/atmel/studio/7.0/toolchain/arm/arm-gnu-toolchain/bin/../lib/gcc/arm-none-eabi/6.2.1/thumb/v6-m/crtbegin.o
 *(SORT(.fini_array.*))
                0x00001370                __fini_array_end = .
 *crtbegin.o(.dtors)
 *(EXCLUDE_FILE(*crtend.o) .dtors)
 *(SORT(.dtors.*))
 *crtend.o(.dtors)
                0x00001370                . = ALIGN (0x4)
                0x00001370                _efixed = .
                [!provide]                PROVIDE (__exidx_start, .)

.vfp11_veneer   0x00001370        0x0
 .vfp11_veneer  0x00001370        0x0 linker stubs

.v4_bx          0x00001370        0x0
 .v4_bx         0x00001370        0x0 linker stubs

.iplt           0x00001370        0x0
 .iplt          0x00001370        0x0 c:/program files (x86)/atmel/studio/7.0/toolchain/arm/arm-gnu-toolchain/bin/../lib/gcc/arm-none-eabi/6.2.1/thumb/v6-m/crtbegin.o

.eh_frame       0x00001370        0x0
 .eh_frame      0x00001370        0x0 c:/program files (x86)/atmel/studio/7.0/toolchain/arm/arm-gnu-toolchain/bin/../lib/gcc/arm-none-eabi/6.2.1/thumb/v6-m/crtbegin.o

.rel.dyn        0x00001370        0x0
 .rel.iplt      0x00001370        0x0 c:/program files (x86)/atmel/studio/7.0/toolchain/arm/arm-gnu-toolchain/bin/../lib/gcc/arm-none-eabi/6.2.1/thumb/v6-m/crtbegin.o

.jcr            0x00001370        0x0
 .jcr           0x00001370        0x0 c:/program files (x86)/atmel/studio/7.0/toolchain/arm/arm-gnu-toolchain/bin/../lib/gcc/arm-none-eabi/6.2.1/thumb/v6-m/crtbegin.o

.igot.plt       0x00001370        0x0
 .igot.plt      0x00001370        0x0 c:/program files (x86)/atmel/studio/7.0/toolchain/arm/arm-gnu-toolchain/bin/../lib/gcc/arm-none-eabi/6.2.1/thumb/v6-m/crtbegin.o

.ARM.exidx
 *(.ARM.exidx* .gnu.linkonce.armexidx.*)
                [!provide]                PROVIDE (__exidx_end, .)
                0x00001370                . = ALIGN (0x4)
                0x00001370                _etext = .

.relocate       0x20000000       0x4c load address 0x00001370
                0x20000000                . = ALIGN (0x4)
                0x20000000                _srelocate = .
 *(.ramfunc .ramfunc.*)
 *(.data .data.*)
 .data          0x20000000       0x4c drivers/cdc_enumerate.o
                0x20000000                cfgDescriptor
                0x2000004c                . = ALIGN (0x4)
                0x2000004c                _erelocate = .

.bss            0x2000004c      0x1c0 load address 0x000013bc
                0x2000004c                . = ALIGN (0x4)
                0x2000004c                _sbss = .
                0x2000004c                _szero = .
 *(.bss .bss.*)
 .bss           0x2000004c       0x1c c:/program files (x86)/atmel/studio/7.0/toolchain/arm/arm-gnu-toolchain/bin/../lib/gcc/arm-none-eabi/6.2.1/thumb/v6-m/crtbegin.o
 .bss           0x20000068        0x1 drivers/cdc_enumerate.o
 .bss           0x20000069        0x1 sam_ba/sam_ba_monitor.o
                0x20000069                b_terminal_mode
 *(COMMON)
 *fill*         0x2000006a        0x2 
 COMMON         0x2000006c      0x194 drivers/cdc_enumerate.o
                0x2000006c                udd_ep_out_cache_buffer
                0x200000ec                udd_ep_in_cache_buffer
                0x2000016c                usb_endpoint_table
                0x200001ec                pCdc
 COMMON         0x20000200        0x8 sam_ba/sam_ba_monitor.o
                0x20000200                ptr_monitor_if
                0x20000204                sp
 COMMON         0x20000208        0x3 sam_ba/usart_sam_ba.o
                0x20000208                size_of_data
                0x2000020a                mode_of_transfer
                0x2000020c                . = ALIGN (0x4)
 *fill*         0x2000020b        0x1 
                0x2000020c                _ebss = .
                0x2000020c                _ezero = .

.stack          0x2000020c      0x284 load address 0x0000157c
                0x20000210                . = ALIGN (0x8)
 *fill*         0x2000020c        0x4 
                0x20000210                _sstack = .
                0x20000490                . = (. + STACK_SIZE)
 *fill*         0x20000210      0x280 
                0x20000490                . = ALIGN (0x8)
                0x20000490                _estack = .
                0x20000490                . = ALIGN (0x4)
                0x20000490                _end = .
OUTPUT(SAM-BA_MONITOR_ROMLESS.elf elf32-littlearm)

.ARM.attributes
                0x00000000       0x28
 .ARM.attributes
                0x00000000       0x1e c:/program files (x86)/atmel/studio/7.0/toolchain/arm/arm-gnu-toolchain/bin/../lib/gcc/arm-none-eabi/6.2.1/thumb/v6-m/crti.o
 .ARM.attributes
                0x0000001e       0x2c c:/program files (x86)/atmel/studio/7.0/toolchain/arm/arm-gnu-toolchain/bin/../lib/gcc/arm-none-eabi/6.2.1/thumb/v6-m/crtbegin.o
 .ARM.attributes
                0x0000004a       0x32 Device_Startup/startup_saml22.o
 .ARM.attributes
                0x0000007c       0x32 drivers/cdc_enumerate.o
 .ARM.attributes
                0x000000ae       0x32 drivers/uart_driver.o
 .ARM.attributes
                0x000000e0       0x32 main.o
 .ARM.attributes
                0x00000112       0x32 sam_ba/sam_ba_monitor.o
 .ARM.attributes
                0x00000144       0x32 sam_ba/usart_sam_ba.o
 .ARM.attributes
                0x00000176       0x32 sam_ba/usb_sam_ba.o
 .ARM.attributes
                0x000001a8       0x2c c:/program files (x86)/atmel/studio/7.0/toolchain/arm/arm-gnu-toolchain/bin/../lib/gcc/arm-none-eabi/6.2.1/../../../../arm-none-eabi/lib/thumb/v6-m\libc_nano.a(lib_a-init.o)
 .ARM.attributes
                0x000001d4       0x1e c:/program files (x86)/atmel/studio/7.0/toolchain/arm/arm-gnu-toolchain/bin/../lib/gcc/arm-none-eabi/6.2.1/thumb/v6-m/crtn.o

.comment        0x00000000       0x59
 .comment       0x00000000       0x59 Device_Startup/startup_saml22.o
                                 0x5a (size before relaxing)
 .comment       0x00000059       0x5a drivers/cdc_enumerate.o
 .comment       0x00000059       0x5a drivers/uart_driver.o
 .comment       0x00000059       0x5a main.o
 .comment       0x00000059       0x5a sam_ba/sam_ba_monitor.o
 .comment       0x00000059       0x5a sam_ba/usart_sam_ba.o
 .comment       0x00000059       0x5a sam_ba/usb_sam_ba.o

.debug_info     0x00000000    0x1202a
 .debug_info    0x00000000      0x4db Device_Startup/startup_saml22.o
 .debug_info    0x000004db     0x3369 drivers/cdc_enumerate.o
 .debug_info    0x00003844     0x3ced drivers/uart_driver.o
 .debug_info    0x00007531     0x2654 main.o
 .debug_info    0x00009b85     0x3774 sam_ba/sam_ba_monitor.o
 .debug_info    0x0000d2f9     0x2ea0 sam_ba/usart_sam_ba.o
 .debug_info    0x00010199     0x1e91 sam_ba/usb_sam_ba.o

.debug_abbrev   0x00000000     0x1680
 .debug_abbrev  0x00000000      0x142 Device_Startup/startup_saml22.o
 .debug_abbrev  0x00000142      0x430 drivers/cdc_enumerate.o
 .debug_abbrev  0x00000572      0x3af drivers/uart_driver.o
 .debug_abbrev  0x00000921      0x323 main.o
 .debug_abbrev  0x00000c44      0x467 sam_ba/sam_ba_monitor.o
 .debug_abbrev  0x000010ab      0x34b sam_ba/usart_sam_ba.o
 .debug_abbrev  0x000013f6      0x28a sam_ba/usb_sam_ba.o

.debug_loc      0x00000000     0x206d
 .debug_loc     0x00000000       0x78 Device_Startup/startup_saml22.o
 .debug_loc     0x00000078      0xcf1 drivers/cdc_enumerate.o
 .debug_loc     0x00000d69      0x37b drivers/uart_driver.o
 .debug_loc     0x000010e4       0x77 main.o
 .debug_loc     0x0000115b      0x495 sam_ba/sam_ba_monitor.o
 .debug_loc     0x000015f0      0x82a sam_ba/usart_sam_ba.o
 .debug_loc     0x00001e1a      0x253 sam_ba/usb_sam_ba.o

.debug_aranges  0x00000000      0x220
 .debug_aranges
                0x00000000       0x28 Device_Startup/startup_saml22.o
 .debug_aranges
                0x00000028       0x68 drivers/cdc_enumerate.o
 .debug_aranges
                0x00000090       0x58 drivers/uart_driver.o
 .debug_aranges
                0x000000e8       0x28 main.o
 .debug_aranges
                0x00000110       0x48 sam_ba/sam_ba_monitor.o
 .debug_aranges
                0x00000158       0x78 sam_ba/usart_sam_ba.o
 .debug_aranges
                0x000001d0       0x50 sam_ba/usb_sam_ba.o

.debug_ranges   0x00000000      0x210
 .debug_ranges  0x00000000       0x18 Device_Startup/startup_saml22.o
 .debug_ranges  0x00000018       0x88 drivers/cdc_enumerate.o
 .debug_ranges  0x000000a0       0x48 drivers/uart_driver.o
 .debug_ranges  0x000000e8       0x18 main.o
 .debug_ranges  0x00000100       0x68 sam_ba/sam_ba_monitor.o
 .debug_ranges  0x00000168       0x68 sam_ba/usart_sam_ba.o
 .debug_ranges  0x000001d0       0x40 sam_ba/usb_sam_ba.o

.debug_macro    0x00000000    0x16dca
 .debug_macro   0x00000000      0x351 Device_Startup/startup_saml22.o
 .debug_macro   0x00000351      0x898 Device_Startup/startup_saml22.o
 .debug_macro   0x00000be9       0x22 Device_Startup/startup_saml22.o
 .debug_macro   0x00000c0b       0x87 Device_Startup/startup_saml22.o
 .debug_macro   0x00000c92       0x51 Device_Startup/startup_saml22.o
 .debug_macro   0x00000ce3       0xef Device_Startup/startup_saml22.o
 .debug_macro   0x00000dd2       0x6a Device_Startup/startup_saml22.o
 .debug_macro   0x00000e3c      0x1df Device_Startup/startup_saml22.o
 .debug_macro   0x0000101b       0x40 Device_Startup/startup_saml22.o
 .debug_macro   0x0000105b       0x28 Device_Startup/startup_saml22.o
 .debug_macro   0x00001083       0x85 Device_Startup/startup_saml22.o
 .debug_macro   0x00001108      0x49b Device_Startup/startup_saml22.o
 .debug_macro   0x000015a3      0x713 Device_Startup/startup_saml22.o
 .debug_macro   0x00001cb6      0x958 Device_Startup/startup_saml22.o
 .debug_macro   0x0000260e      0x279 Device_Startup/startup_saml22.o
 .debug_macro   0x00002887      0x21d Device_Startup/startup_saml22.o
 .debug_macro   0x00002aa4      0xe12 Device_Startup/startup_saml22.o
 .debug_macro   0x000038b6      0x5b6 Device_Startup/startup_saml22.o
 .debug_macro   0x00003e6c      0x5be Device_Startup/startup_saml22.o
 .debug_macro   0x0000442a      0x623 Device_Startup/startup_saml22.o
 .debug_macro   0x00004a4d      0x172 Device_Startup/startup_saml22.o
 .debug_macro   0x00004bbf      0x279 Device_Startup/startup_saml22.o
 .debug_macro   0x00004e38      0x466 Device_Startup/startup_saml22.o
 .debug_macro   0x0000529e      0x21c Device_Startup/startup_saml22.o
 .debug_macro   0x000054ba      0x767 Device_Startup/startup_saml22.o
 .debug_macro   0x00005c21      0x7bf Device_Startup/startup_saml22.o
 .debug_macro   0x000063e0      0x28d Device_Startup/startup_saml22.o
 .debug_macro   0x0000666d      0x5f3 Device_Startup/startup_saml22.o
 .debug_macro   0x00006c60      0x1c6 Device_Startup/startup_saml22.o
 .debug_macro   0x00006e26      0x307 Device_Startup/startup_saml22.o
 .debug_macro   0x0000712d       0xac Device_Startup/startup_saml22.o
 .debug_macro   0x000071d9     0x1c53 Device_Startup/startup_saml22.o
 .debug_macro   0x00008e2c      0xff4 Device_Startup/startup_saml22.o
 .debug_macro   0x00009e20      0xd40 Device_Startup/startup_saml22.o
 .debug_macro   0x0000ab60      0x874 Device_Startup/startup_saml22.o
 .debug_macro   0x0000b3d4      0x9bf Device_Startup/startup_saml22.o
 .debug_macro   0x0000bd93      0x8ad Device_Startup/startup_saml22.o
 .debug_macro   0x0000c640     0x19bd Device_Startup/startup_saml22.o
 .debug_macro   0x0000dffd       0xe7 Device_Startup/startup_saml22.o
 .debug_macro   0x0000e0e4      0xb7c Device_Startup/startup_saml22.o
 .debug_macro   0x0000ec60      0x369 Device_Startup/startup_saml22.o
 .debug_macro   0x0000efc9       0x7c Device_Startup/startup_saml22.o
 .debug_macro   0x0000f045       0xac Device_Startup/startup_saml22.o
 .debug_macro   0x0000f0f1       0xca Device_Startup/startup_saml22.o
 .debug_macro   0x0000f1bb       0x4c Device_Startup/startup_saml22.o
 .debug_macro   0x0000f207       0xdc Device_Startup/startup_saml22.o
 .debug_macro   0x0000f2e3       0xb2 Device_Startup/startup_saml22.o
 .debug_macro   0x0000f395       0x64 Device_Startup/startup_saml22.o
 .debug_macro   0x0000f3f9      0x452 Device_Startup/startup_saml22.o
 .debug_macro   0x0000f84b       0x4c Device_Startup/startup_saml22.o
 .debug_macro   0x0000f897      0x148 Device_Startup/startup_saml22.o
 .debug_macro   0x0000f9df       0x5e Device_Startup/startup_saml22.o
 .debug_macro   0x0000fa3d       0xa0 Device_Startup/startup_saml22.o
 .debug_macro   0x0000fadd       0xc4 Device_Startup/startup_saml22.o
 .debug_macro   0x0000fba1       0xb2 Device_Startup/startup_saml22.o
 .debug_macro   0x0000fc53       0x4c Device_Startup/startup_saml22.o
 .debug_macro   0x0000fc9f       0x64 Device_Startup/startup_saml22.o
 .debug_macro   0x0000fd03       0x40 Device_Startup/startup_saml22.o
 .debug_macro   0x0000fd43      0x1d9 Device_Startup/startup_saml22.o
 .debug_macro   0x0000ff1c       0x22 Device_Startup/startup_saml22.o
 .debug_macro   0x0000ff3e      0x15d Device_Startup/startup_saml22.o
 .debug_macro   0x0001009b      0x172 Device_Startup/startup_saml22.o
 .debug_macro   0x0001020d      0x172 Device_Startup/startup_saml22.o
 .debug_macro   0x0001037f      0x172 Device_Startup/startup_saml22.o
 .debug_macro   0x000104f1      0x172 Device_Startup/startup_saml22.o
 .debug_macro   0x00010663      0x172 Device_Startup/startup_saml22.o
 .debug_macro   0x000107d5      0x172 Device_Startup/startup_saml22.o
 .debug_macro   0x00010947      0x11e Device_Startup/startup_saml22.o
 .debug_macro   0x00010a65       0x5e Device_Startup/startup_saml22.o
 .debug_macro   0x00010ac3      0x167 Device_Startup/startup_saml22.o
 .debug_macro   0x00010c2a       0xfa Device_Startup/startup_saml22.o
 .debug_macro   0x00010d24       0xfa Device_Startup/startup_saml22.o
 .debug_macro   0x00010e1e       0xfa Device_Startup/startup_saml22.o
 .debug_macro   0x00010f18       0xfa Device_Startup/startup_saml22.o
 .debug_macro   0x00011012      0x124 Device_Startup/startup_saml22.o
 .debug_macro   0x00011136       0x2e Device_Startup/startup_saml22.o
 .debug_macro   0x00011164      0x1f9 Device_Startup/startup_saml22.o
 .debug_macro   0x0001135d       0x3a Device_Startup/startup_saml22.o
 .debug_macro   0x00011397      0x41e Device_Startup/startup_saml22.o
 .debug_macro   0x000117b5     0x30e9 Device_Startup/startup_saml22.o
 .debug_macro   0x0001489e       0x6d Device_Startup/startup_saml22.o
 .debug_macro   0x0001490b      0x4ca drivers/cdc_enumerate.o
 .debug_macro   0x00014dd5       0x22 drivers/cdc_enumerate.o
 .debug_macro   0x00014df7       0x52 drivers/cdc_enumerate.o
 .debug_macro   0x00014e49       0x35 drivers/cdc_enumerate.o
 .debug_macro   0x00014e7e       0x9c drivers/cdc_enumerate.o
 .debug_macro   0x00014f1a      0x16d drivers/cdc_enumerate.o
 .debug_macro   0x00015087       0x52 drivers/cdc_enumerate.o
 .debug_macro   0x000150d9       0x1f drivers/cdc_enumerate.o
 .debug_macro   0x000150f8       0x43 drivers/cdc_enumerate.o
 .debug_macro   0x0001513b       0x20 drivers/cdc_enumerate.o
 .debug_macro   0x0001515b      0x187 drivers/cdc_enumerate.o
 .debug_macro   0x000152e2      0x330 drivers/cdc_enumerate.o
 .debug_macro   0x00015612       0x10 drivers/cdc_enumerate.o
 .debug_macro   0x00015622       0x35 drivers/cdc_enumerate.o
 .debug_macro   0x00015657       0x1c drivers/cdc_enumerate.o
 .debug_macro   0x00015673       0x46 drivers/cdc_enumerate.o
 .debug_macro   0x000156b9       0x94 drivers/cdc_enumerate.o
 .debug_macro   0x0001574d       0x34 drivers/cdc_enumerate.o
 .debug_macro   0x00015781       0x28 drivers/cdc_enumerate.o
 .debug_macro   0x000157a9      0x439 drivers/uart_driver.o
 .debug_macro   0x00015be2      0x43f main.o
 .debug_macro   0x00016021      0x465 sam_ba/sam_ba_monitor.o
 .debug_macro   0x00016486       0x46 sam_ba/sam_ba_monitor.o
 .debug_macro   0x000164cc       0x2e sam_ba/sam_ba_monitor.o
 .debug_macro   0x000164fa      0x448 sam_ba/usart_sam_ba.o
 .debug_macro   0x00016942       0x40 sam_ba/usart_sam_ba.o
 .debug_macro   0x00016982      0x448 sam_ba/usb_sam_ba.o

.debug_line     0x00000000     0x3e66
 .debug_line    0x00000000      0x71e Device_Startup/startup_saml22.o
 .debug_line    0x0000071e      0xa37 drivers/cdc_enumerate.o
 .debug_line    0x00001155      0x903 drivers/uart_driver.o
 .debug_line    0x00001a58      0x837 main.o
 .debug_line    0x0000228f      0x9ad sam_ba/sam_ba_monitor.o
 .debug_line    0x00002c3c      0x9b5 sam_ba/usart_sam_ba.o
 .debug_line    0x000035f1      0x875 sam_ba/usb_sam_ba.o

.debug_str      0x00000000    0x89062
 .debug_str     0x00000000    0x83a41 Device_Startup/startup_saml22.o
                              0x83cb4 (size before relaxing)
 .debug_str     0x00083a41     0x4219 drivers/cdc_enumerate.o
                              0x87c30 (size before relaxing)
 .debug_str     0x00087c5a      0x8dc drivers/uart_driver.o
                              0x87a7b (size before relaxing)
 .debug_str     0x00088536      0x640 main.o
                              0x875a5 (size before relaxing)
 .debug_str     0x00088b76      0x356 sam_ba/sam_ba_monitor.o
                              0x87af3 (size before relaxing)
 .debug_str     0x00088ecc      0x129 sam_ba/usart_sam_ba.o
                              0x87602 (size before relaxing)
 .debug_str     0x00088ff5       0x6d sam_ba/usb_sam_ba.o
                              0x8734f (size before relaxing)

.debug_frame    0x00000000      0x530
 .debug_frame   0x00000000       0x38 Device_Startup/startup_saml22.o
 .debug_frame   0x00000038      0x10c drivers/cdc_enumerate.o
 .debug_frame   0x00000144       0xb4 drivers/uart_driver.o
 .debug_frame   0x000001f8       0x44 main.o
 .debug_frame   0x0000023c       0xb0 sam_ba/sam_ba_monitor.o
 .debug_frame   0x000002ec      0x14c sam_ba/usart_sam_ba.o
 .debug_frame   0x00000438       0xcc sam_ba/usb_sam_ba.o
 .debug_frame   0x00000504       0x2c c:/program files (x86)/atmel/studio/7.0/toolchain/arm/arm-gnu-toolchain/bin/../lib/gcc/arm-none-eabi/6.2.1/../../../../arm-none-eabi/lib/thumb/v6-m\libc_nano.a(lib_a-init.o)
